[www.silvergames.com/combat-3.html]
[i3.silvergames.com/p/b/combat-3.png]
[backblue.gif]
[fade.gif]
[index.html]
[i2.silvergames.com/css/n87b30.css]
[i1.silvergames.com/js/jquery-2.1.1.min.js]
[i1.silvergames.com/ls/js/min.js]
[i2.silvergames.com/js/advertisement.js]
[i1.silvergames.com/js/vote.js]
[webplayer.unity3d.com/download_webplayer-3.x/3.0/uo/UnityObject2.js]
[i2.silvergames.com/i/list.png]
[www.google-analytics.com/analytics.js]
[i2.silvergames.com/i/logo.png]
[www.silvergames.com/my.html]
[www.silvergames.com/index.html]
[i3.silvergames.com/i/search.png]
[i1.silvergames.com/ls/i/us.png]
[i2.silvergames.com/ls/i/de.png]
[i3.silvergames.com/ls/i/es.png]
[i1.silvergames.com/ls/i/ru.png]
[www.silvergames.com/new.html]
[www.silvergames.com/hot.html]
[www.silvergames.com/best.html]
[www.silvergames.com/most-played.html]
[www.silvergames.com/random-game]
[www.silvergames.com/guns-of-apocalypse.html]
[webplayer.unity3d.com/installation/getunity.png]
[www.silvergames.com/combat-3/walkthrough.html]
[i1.silvergames.com/i/walkthrough.png]
[apis.google.com/js/platform.js]
[www.silvergames.com/goodgame-empire.html]
[i2.silvergames.com/p/a/goodgame-empire.png]
[www.silvergames.com/sparta-war-of-empires.html]
[i3.silvergames.com/p/a/sparta-war-of-empires.png]
[www.silvergames.com/big-farm.html]
[i1.silvergames.com/p/a/big-farm.png]
[www.silvergames.com/shoot-the-apple.html]
[i1.silvergames.com/p/a/shoot-the-apple.png]
[www.silvergames.com/freefall-tournament.html]
[i2.silvergames.com/p/a/freefall-tournament.png]
[i2.silvergames.com/p/a/pixel-warfare-v2.png]
[www.silvergames.com/pixel-warfare-v2.html]
[i2.silvergames.com/p/a/army-force-firestorm.png]
[www.silvergames.com/army-force-firestorm.html]
[www.silvergames.com/begone.html]
[i1.silvergames.com/p/a/begone.png]
[www.silvergames.com/pixel-warfare-v3.html]
[i1.silvergames.com/p/a/pixel-warfare-v3.png]
[www.silvergames.com/pixel-warfare.html]
[i3.silvergames.com/p/a/pixel-warfare.png]
[i2.silvergames.com/p/a/army-force-online.png]
[www.silvergames.com/army-force-online.html]
[i2.silvergames.com/p/a/rapid-gun-3.png]
[www.silvergames.com/rapid-gun-3.html]
[i3.silvergames.com/p/a/counter-shooter-2.png]
[www.silvergames.com/counter-shooter-2.html]
[www.silvergames.com/red-crucible-2.html]
[i1.silvergames.com/p/a/red-crucible-2.png]
[www.silvergames.com/combat-4.html]
[i2.silvergames.com/p/a/combat-4.png]
[i1.silvergames.com/p/a/combat-3.png]
[www.silvergames.com/t/combat.html]
[www.silvergames.com/t/multiplayer.html]
[www.silvergames.com/t/counter-strike.html]
[www.silvergames.com/t/unity.html]
[www.silvergames.com/combat-3/r.html]
[www.silvergames.com/t/minecraft.html]
[www.silvergames.com/site/1.html]
[www.silvergames.com/site/2.html]
[www.silvergames.com/site/3.html]
[pagead2.googlesyndication.com/pagead/js/f.txt]
[www.silvergames.com/combat-3.html]
[i2.silvergames.com/css/n87b30.css]
[www.silvergames.com/feed/rss.html]
[i1.silvergames.com/js/jquery-2.1.1.min.js]
[i1.silvergames.com/ls/js/min.js]
[i2.silvergames.com/js/advertisement.js]
[i1.silvergames.com/js/vote.js]
[www.silvergames.com/action.html]
[www.silvergames.com/racing.html]
[www.silvergames.com/shooting.html]
[www.silvergames.com/sports.html]
[www.silvergames.com/strategy.html]
[www.silvergames.com/puzzle.html]
[www.silvergames.com/arcade.html]
[www.silvergames.com/mmo.html]
[www.silvergames.com/whack-your-boss-2.html]
[i2.silvergames.com/500x250/whack-your-boss-2.jpg]
[www.silvergames.com/parking-fury.html]
[www.silvergames.com/mutilate-a-doll-2.html]
[i2.silvergames.com/500x250/mutilate-a-doll-2.jpg]
[www.silvergames.com/boxing-live-2.html]
[www.silvergames.com/moto-x3m.html]
[i2.silvergames.com/500x250/moto-x3m-2.jpg]
[i1.silvergames.com/500x250/mobile-games.jpg]
[www.silvergames.com/life.html]
[i3.silvergames.com/500x250/boxing-live-2.jpg]
[www.silvergames.com/death-row-diner.html]
[i2.silvergames.com/p/a/death-row-diner.png]
[www.silvergames.com/city-builder-3d.html]
[i3.silvergames.com/p/a/city-builder-3d.png]
[www.silvergames.com/toss-a-paper-multiplayer.html]
[i3.silvergames.com/p/a/toss-a-paper-multiplayer.png]
[www.silvergames.com/sportscar-gand-prix.html]
[i1.silvergames.com/p/a/sportscar-gand-prix.png]
[i3.silvergames.com/500x250/life.jpg]
[www.silvergames.com/on-fire.html]
[i1.silvergames.com/p/a/on-fire.png]
[www.silvergames.com/dunkers.html]
[i2.silvergames.com/p/a/dunkers.png]
[www.silvergames.com/endless-truck.html]
[i3.silvergames.com/p/a/endless-truck.png]
[www.silvergames.com/silly-ways-to-die-3.html]
[i1.silvergames.com/p/a/silly-ways-to-die-3.png]
[www.silvergames.com/curvefeverio.html]
[i3.silvergames.com/p/a/curvefeverio.png]
[www.silvergames.com/candy-rain-4.html]
[i2.silvergames.com/p/a/candy-rain-4.png]
[www.silvergames.com/moto-x3m-3.html]
[i3.silvergames.com/p/a/moto-x3m-3.png]
[www.silvergames.com/super-trucks-3d.html]
[i1.silvergames.com/p/a/super-trucks-3d.png]
[www.silvergames.com/soccer-doctor-3.html]
[i2.silvergames.com/p/a/soccer-doctor-3.png]
[www.silvergames.com/babe-clicker.html]
[i3.silvergames.com/p/a/babe-clicker.png]
[i3.silvergames.com/p/a/driving-force-3.png]
[www.silvergames.com/resident-evil-ebola.html]
[i2.silvergames.com/p/a/resident-evil-ebola.png]
[www.silvergames.com/driving-force-3.html]
[www.silvergames.com/concussion.html]
[i2.silvergames.com/p/a/concussion.png]
[www.silvergames.com/madalin-stunt-cars-2.html]
[i1.silvergames.com/p/a/madalin-stunt-cars-2.png]
[i2.silvergames.com/p/a/knights-and-brides.png]
[www.silvergames.com/knights-and-brides.html]
[www.silvergames.com/dreamfields.html]
[i3.silvergames.com/p/a/dreamfields.png]
[www.silvergames.com/legends-of-honor.html]
[i1.silvergames.com/p/a/legends-of-honor.png]
[www.silvergames.com/charm-farm.html]
[i3.silvergames.com/p/a/charm-farm.png]
[i1.silvergames.com/p/a/sky-dale.png]
[www.silvergames.com/sky-dale.html]
[www.silvergames.com/street-fighter-2-ce.html]
[i3.silvergames.com/p/a/street-fighter-2-ce.png]
[www.silvergames.com/you-have-no-legs.html]
[i3.silvergames.com/p/a/you-have-no-legs.png]
[www.silvergames.com/wonderputt.html]
[i3.silvergames.com/p/a/wonderputt.png]
[www.silvergames.com/digger-vs-meat-ball.html]
[i2.silvergames.com/p/a/digger-vs-meat-ball.png]
[i1.silvergames.com/500x250/parking-fury.png]
[www.silvergames.com/super-hot.html]
[i3.silvergames.com/p/a/super-hot.png]
[www.silvergames.com/askl.html]
[i3.silvergames.com/p/a/askl.png]
[www.silvergames.com/handless-millionaire.html]
[i3.silvergames.com/p/a/handless-millionaire.png]
[i2.silvergames.com/p/a/ragdoll-olympics.png]
[www.silvergames.com/ragdoll-olympics.html]
[www.silvergames.com/nose-picking-simulator.html]
[i3.silvergames.com/p/a/nose-picking-simulator.png]
[i2.silvergames.com/p/a/mutilate-a-doll-2.png]
[i2.silvergames.com/p/a/splixio.png]
[www.silvergames.com/splixio.html]
[i1.silvergames.com/p/a/slitherio.png]
[www.silvergames.com/slitherio.html]
[i2.silvergames.com/p/a/whack-your-boss-2.png]
[www.silvergames.com/whack-your-boss.html]
[i3.silvergames.com/p/a/whack-your-boss.png]
[www.silvergames.com/tasty-planet.html]
[i1.silvergames.com/p/a/tasty-planet.png]
[www.silvergames.com/g-switch-2.html]
[i2.silvergames.com/p/a/g-switch-2.png]
[i1.silvergames.com/p/a/whack-your-ex.png]
[www.silvergames.com/whack-your-ex.html]
[www.silvergames.com/whack-your-boss-superhero.html]
[i2.silvergames.com/p/a/whack-your-boss-superhero.png]
[www.silvergames.com/apple-shooter.html]
[i3.silvergames.com/p/a/apple-shooter.png]
[www.silvergames.com/gunblood.html]
[i1.silvergames.com/p/a/gunblood.png]
[i3.silvergames.com/p/a/dogfight-2.png]
[www.silvergames.com/dogfight-2.html]
[www.silvergames.com/shoot-em.html]
[i2.silvergames.com/p/a/shoot-em.png]
[i3.silvergames.com/p/a/madness-project-nexus.png]
[www.silvergames.com/madness-project-nexus.html]
[www.silvergames.com/plazma-burst-2.html]
[i3.silvergames.com/p/a/plazma-burst-2.png]
[www.silvergames.com/happy-wheels.html]
[i3.silvergames.com/p/a/happy-wheels.png]
[i3.silvergames.com/p/a/moto-x3m.png]
[i3.silvergames.com/p/a/parking-fury.png]
[i1.silvergames.com/p/a/tu-46.png]
[www.silvergames.com/tu-46.html]
[i2.silvergames.com/p/a/busman-parking-3d.png]
[www.silvergames.com/busman-parking-3d.html]
[i3.silvergames.com/p/a/russian-car-driver.png]
[www.silvergames.com/russian-car-driver.html]
[www.silvergames.com/stunt-master.html]
[i2.silvergames.com/p/a/stunt-master.png]
[www.silvergames.com/trollface-quest.html]
[i2.silvergames.com/p/a/trollface-quest.png]
[i3.silvergames.com/p/a/trollface-quest-3.png]
[www.silvergames.com/trollface-quest-3.html]
[www.silvergames.com/fleeing-the-complex.html]
[i1.silvergames.com/p/a/fleeing-the-complex.png]
[www.silvergames.com/escaping-the-prison.html]
[i1.silvergames.com/p/a/escaping-the-prison.png]
[i2.silvergames.com/p/a/bubble-shooter.png]
[www.silvergames.com/bubble-shooter.html]
[i3.silvergames.com/p/a/infiltrating-the-airship.png]
[i1.silvergames.com/p/a/flip-diving.png]
[www.silvergames.com/flip-diving.html]
[www.silvergames.com/infiltrating-the-airship.html]
[i1.silvergames.com/p/a/100-meter-sprint.png]
[www.silvergames.com/100-meter-sprint.html]
[i3.silvergames.com/p/a/boxing-live-2.png]
[www.silvergames.com/england-premier-league.html]
[i2.silvergames.com/p/a/england-premier-league.png]
[www.silvergames.com/football-legends-2016.html]
[i3.silvergames.com/p/a/football-legends-2016.png]
[www.silvergames.com/drunken-boxers.html]
[i1.silvergames.com/p/a/drunken-boxers.png]
[i3.silvergames.com/js/jquery.cycle.all.js]
[www.silvergames.com/index.html]
[www.silvergames.com/my.html]
[i3.silvergames.com/p/a/trollface-quest-video-games.png]
[www.silvergames.com/trollface-quest-video-games.html]
[www.silvergames.com/chaos-eclipse.html]
[i1.silvergames.com/p/a/chaos-eclipse.png]
[www.silvergames.com/opkaio.html]
[i3.silvergames.com/p/a/opkaio.png]
[www.silvergames.com/cat-in-japan.html]
[i2.silvergames.com/p/a/cat-in-japan.png]
[i1.silvergames.com/p/a/monocycle.png]
[www.silvergames.com/monocycle.html]
[i2.silvergames.com/p/a/the-insurmountable-quiz.png]
[www.silvergames.com/the-insurmountable-quiz.html]
[www.silvergames.com/terrio.html]
[i3.silvergames.com/p/a/terrio.png]
[i1.silvergames.com/p/a/britney-torture-chamber.png]
[www.silvergames.com/britney-torture-chamber.html]
[www.silvergames.com/stupidity-test.html]
[i3.silvergames.com/p/a/stupidity-test.png]
[www.silvergames.com/thumbnail/300x110/goodgame-empire-attack.gif]
[www.silvergames.com/thumbnail/300x110/big-farm-1.jpg]
[www.silvergames.com/new/1.html]
[www.silvergames.com/new/2.html]
[www.silvergames.com/new/3.html]
[www.silvergames.com/new/4.html]
[www.silvergames.com/new/5.html]
[www.silvergames.com/new/6.html]
[www.silvergames.com/new/7.html]
[www.silvergames.com/new/8.html]
[www.silvergames.com/new/9.html]
[www.silvergames.com/new/10.html]
[www.silvergames.com/new.html]
[www.silvergames.com/taxi-drift.html]
[i1.silvergames.com/p/a/taxi-drift.png]
[www.silvergames.com/new/224.html]
[www.silvergames.com/battle-for-the-galaxy.html]
[i2.silvergames.com/p/a/battle-for-the-galaxy.png]
[www.silvergames.com/daddy-long-legs.html]
[i2.silvergames.com/p/a/daddy-long-legs.png]
[www.silvergames.com/shop-empire-galaxy.html]
[i1.silvergames.com/p/a/shop-empire-galaxy.png]
[www.silvergames.com/westerado.html]
[i3.silvergames.com/p/a/westerado.png]
[i3.silvergames.com/p/a/hill-racing-2.png]
[www.silvergames.com/hill-racing-2.html]
[www.silvergames.com/narwhaleio.html]
[i1.silvergames.com/p/a/narwhaleio.png]
[www.silvergames.com/call-of-war.html]
[i3.silvergames.com/p/a/call-of-war.png]
[www.silvergames.com/rival-rush.html]
[i2.silvergames.com/p/a/rival-rush.png]
[i3.silvergames.com/p/a/dead-ahead.png]
[www.silvergames.com/dead-ahead.html]
[i1.silvergames.com/p/a/save-the-bunny.png]
[www.silvergames.com/save-the-bunny.html]
[www.silvergames.com/football-headz-cup-2.html]
[i2.silvergames.com/p/a/football-headz-cup-2.png]
[www.silvergames.com/hot/1.html]
[www.silvergames.com/hot/2.html]
[www.silvergames.com/hot/3.html]
[www.silvergames.com/hot/4.html]
[www.silvergames.com/hot/5.html]
[www.silvergames.com/hot/6.html]
[www.silvergames.com/hot/7.html]
[www.silvergames.com/hot/8.html]
[www.silvergames.com/hot/9.html]
[www.silvergames.com/hot/10.html]
[www.silvergames.com/hot/143.html]
[www.silvergames.com/hot.html]
[i3.silvergames.com/p/a/papas-freezeria.png]
[www.silvergames.com/papas-freezeria.html]
[www.silvergames.com/golden-duel.html]
[i1.silvergames.com/p/a/golden-duel.png]
[i3.silvergames.com/p/a/papa-s-cupcakeria.png]
[www.silvergames.com/papa-s-cupcakeria.html]
[www.silvergames.com/papas-burgeria.html]
[i3.silvergames.com/p/a/papas-burgeria.png]
[www.silvergames.com/motocross-challenge.html]
[i3.silvergames.com/p/a/motocross-challenge.png]
[www.silvergames.com/penguin-diner-2.html]
[i3.silvergames.com/p/a/penguin-diner-2.png]
[www.silvergames.com/freeway-fury-2.html]
[i2.silvergames.com/p/a/freeway-fury-2.png]
[www.silvergames.com/resort-empire.html]
[i3.silvergames.com/p/a/resort-empire.png]
[www.silvergames.com/whack-the-terrorist.html]
[i2.silvergames.com/p/a/whack-the-terrorist.png]
[www.silvergames.com/bed-and-breakfast-3.html]
[i1.silvergames.com/p/a/bed-and-breakfast-3.png]
[www.silvergames.com/arcuz-2.html]
[i1.silvergames.com/p/a/arcuz-2.png]
[www.silvergames.com/frenzy-babysitter.html]
[i2.silvergames.com/p/a/frenzy-babysitter.png]
[i1.silvergames.com/p/a/xenos.png]
[www.silvergames.com/xenos.html]
[www.silvergames.com/rail-rush.html]
[i2.silvergames.com/p/a/rail-rush.png]
[www.silvergames.com/uphill-rush-6.html]
[i1.silvergames.com/p/a/uphill-rush-6.png]
[www.silvergames.com/sushi-cat-2.html]
[i3.silvergames.com/p/a/sushi-cat-2.png]
[www.silvergames.com/uphill-rush-5.html]
[i3.silvergames.com/p/a/uphill-rush-5.png]
[www.silvergames.com/pokemon-tower-defense.html]
[i3.silvergames.com/p/a/pokemon-tower-defense.png]
[www.silvergames.com/best/1.html]
[www.silvergames.com/best/2.html]
[www.silvergames.com/best/3.html]
[www.silvergames.com/best/4.html]
[www.silvergames.com/best/5.html]
[www.silvergames.com/best/6.html]
[www.silvergames.com/best/7.html]
[www.silvergames.com/best/8.html]
[www.silvergames.com/best/9.html]
[www.silvergames.com/best/10.html]
[www.silvergames.com/best/229.html]
[www.silvergames.com/best.html]
[www.silvergames.com/mine-blocks.html]
[i3.silvergames.com/p/a/mine-blocks.png]
[www.silvergames.com/trollface-quest-2.html]
[i1.silvergames.com/p/a/trollface-quest-2.png]
[www.silvergames.com/trollface-quest-trolltube.html]
[i3.silvergames.com/p/a/trollface-quest-trolltube.png]
[www.silvergames.com/trollface-quest-5.html]
[i2.silvergames.com/p/a/trollface-quest-5.png]
[www.silvergames.com/trollface-quest-13.html]
[i3.silvergames.com/p/a/trollface-quest-13.png]
[www.silvergames.com/trollface-quest-6.html]
[i3.silvergames.com/p/a/trollface-quest-6.png]
[www.silvergames.com/the-torture-game-2.html]
[i1.silvergames.com/p/a/the-torture-game-2.png]
[www.silvergames.com/grindcraft.html]
[i3.silvergames.com/p/a/grindcraft.png]
[www.silvergames.com/whack-the-burglars.html]
[i3.silvergames.com/p/a/whack-the-burglars.png]
[www.silvergames.com/most-played/1.html]
[www.silvergames.com/most-played/2.html]
[www.silvergames.com/most-played/3.html]
[www.silvergames.com/most-played/4.html]
[www.silvergames.com/most-played/5.html]
[www.silvergames.com/most-played/6.html]
[www.silvergames.com/most-played/7.html]
[www.silvergames.com/most-played/8.html]
[www.silvergames.com/most-played/9.html]
[www.silvergames.com/most-played.html]
[i2.silvergames.com/p/b/guns-of-apocalypse.png]
[www.silvergames.com/most-played/10.html]
[www.silvergames.com/most-played/228.html]
[i2.silvergames.com/js/swfobject.js]
[www.silvergames.com/guns-of-apocalypse/walkthrough.html]
[i3.silvergames.com/p/a/klondike-mmo.png]
[www.silvergames.com/klondike-mmo.html]
[www.silvergames.com/dead-paradise-2.html]
[i1.silvergames.com/p/a/dead-paradise-2.png]
[www.silvergames.com/freeway-fury.html]
[i1.silvergames.com/p/a/freeway-fury.png]
[www.silvergames.com/dead-paradise.html]
[i2.silvergames.com/p/a/dead-paradise.png]
[www.silvergames.com/incoming-again.html]
[i3.silvergames.com/p/a/incoming-again.png]
[www.silvergames.com/commando-rush.html]
[i3.silvergames.com/p/a/commando-rush.png]
[i2.silvergames.com/p/a/endless-war-5.png]
[www.silvergames.com/endless-war-5.html]
[www.silvergames.com/moon-police.html]
[i2.silvergames.com/p/a/moon-police.png]
[i2.silvergames.com/p/a/storm-ops.png]
[www.silvergames.com/storm-ops.html]
[www.silvergames.com/battlefield.html]
[i2.silvergames.com/p/a/battlefield.png]
[i2.silvergames.com/p/a/undead-highway.png]
[www.silvergames.com/undead-highway.html]
[i3.silvergames.com/p/a/death-racers.png]
[i3.silvergames.com/p/a/guns-of-apocalypse.png]
[www.silvergames.com/death-racers.html]
[www.silvergames.com/t/war.html]
[www.silvergames.com/t/truck.html]
[www.silvergames.com/t/gun.html]
[www.silvergames.com/t/car.html]
[www.silvergames.com/guns-of-apocalypse.html]
[www.silvergames.com/combat-3/walkthrough.html]
[www.silvergames.com/guns-of-apocalypse/r.html]
[i3.silvergames.com/p/b/goodgame-empire.png]
[i3.silvergames.com/js/fullscreen_full.js]
[i1.silvergames.com/i/fullscreen.png]
[www.silvergames.com/goodgame-empire/walkthrough.html]
[www.silvergames.com/soldiers-inc.html]
[i3.silvergames.com/p/a/soldiers-inc.png]
[www.silvergames.com/barbarians.html]
[i1.silvergames.com/p/a/barbarians.png]
[www.silvergames.com/ultimate-war.html]
[i1.silvergames.com/p/a/ultimate-war.png]
[www.silvergames.com/goodgame-mafia.html]
[i2.silvergames.com/p/a/goodgame-mafia.png]
[www.silvergames.com/goodgame-gangster.html]
[i3.silvergames.com/p/a/goodgame-gangster.png]
[www.silvergames.com/highgrounds.html]
[i1.silvergames.com/p/a/highgrounds.png]
[www.silvergames.com/battle-dawn.html]
[i2.silvergames.com/p/a/battle-dawn.png]
[www.silvergames.com/tactics-100-live.html]
[i3.silvergames.com/p/a/tactics-100-live.png]
[www.silvergames.com/sonny.html]
[i1.silvergames.com/p/a/sonny.png]
[www.silvergames.com/civilizations-wars-2-prime.html]
[i2.silvergames.com/p/a/civilizations-wars-2-prime.png]
[i1.silvergames.com/p/a/nob-war.png]
[www.silvergames.com/nob-war.html]
[www.silvergames.com/t/upgrade.html]
[www.silvergames.com/t/goodgame.html]
[www.silvergames.com/t/medieval.html]
[www.silvergames.com/goodgame-empire.html]
[i1.silvergames.com/p/b/sparta-war-of-empires.png]
[www.silvergames.com/goodgame-empire/r.html]
[www.silvergames.com/sparta-war-of-empires/walkthrough.html]
[www.silvergames.com/dragons-of-atlantis.html]
[i1.silvergames.com/p/a/dragons-of-atlantis.png]
[www.silvergames.com/age-of-war-2.html]
[i1.silvergames.com/p/a/age-of-war-2.png]
[www.silvergames.com/stick-war.html]
[i1.silvergames.com/p/a/stick-war.png]
[www.silvergames.com/humaliens-battle.html]
[i3.silvergames.com/p/a/humaliens-battle.png]
[www.silvergames.com/stick-war-2-order-empire.html]
[i3.silvergames.com/p/a/stick-war-2-order-empire.png]
[www.silvergames.com/epic-war-5.html]
[i1.silvergames.com/p/a/epic-war-5.png]
[www.silvergames.com/darkbase-rts.html]
[i3.silvergames.com/p/a/darkbase-rts.png]
[www.silvergames.com/civilizations-wars.html]
[i2.silvergames.com/p/a/civilizations-wars.png]
[www.silvergames.com/t/empire.html]
[www.silvergames.com/t/sparta.html]
[www.silvergames.com/sparta-war-of-empires.html]
[www.silvergames.com/sparta-war-of-empires/r.html]
[i3.silvergames.com/p/b/big-farm.png]
[www.silvergames.com/big-farm/walkthrough.html]
[www.silvergames.com/family-barn.html]
[i2.silvergames.com/p/a/family-barn.png]
[i2.silvergames.com/p/a/dream-farm.png]
[www.silvergames.com/dream-farm.html]
[www.silvergames.com/klondike-expedition.html]
[i2.silvergames.com/p/a/klondike-expedition.png]
[www.silvergames.com/the-farm.html]
[i1.silvergames.com/p/a/the-farm.png]
[www.silvergames.com/fionas-farm-center.html]
[i3.silvergames.com/p/a/fionas-farm-center.png]
[www.silvergames.com/youda-farmer-2.html]
[i1.silvergames.com/p/a/youda-farmer-2.png]
[www.silvergames.com/farm-mania-2.html]
[i3.silvergames.com/p/a/farm-mania-2.png]
[www.silvergames.com/youda-farmer.html]
[i1.silvergames.com/p/a/youda-farmer.png]
[www.silvergames.com/youda-farmer-3.html]
[i2.silvergames.com/p/a/youda-farmer-3.png]
[i2.silvergames.com/p/a/the-farmer.png]
[www.silvergames.com/the-farmer.html]
[www.silvergames.com/t/farm.html]
[www.silvergames.com/t/business.html]
[www.silvergames.com/t/tycoon.html]
[www.silvergames.com/t/pet.html]
[www.silvergames.com/big-farm/r.html]
[www.silvergames.com/big-farm.html]
[i3.silvergames.com/p/b/shoot-the-apple.png]
[www.silvergames.com/shoot-the-apple/walkthrough.html]
[www.silvergames.com/zombies-ate-my-motherland.html]
[i3.silvergames.com/p/a/zombies-ate-my-motherland.png]
[i2.silvergames.com/p/a/boxhead.png]
[www.silvergames.com/boxhead.html]
[www.silvergames.com/boxhead-2.html]
[i3.silvergames.com/p/a/boxhead-2.png]
[www.silvergames.com/tek-tactical.html]
[i3.silvergames.com/p/a/tek-tactical.png]
[www.silvergames.com/apple-shooter-champ.html]
[i2.silvergames.com/p/a/apple-shooter-champ.png]
[www.silvergames.com/archers-oath.html]
[i1.silvergames.com/p/a/archers-oath.png]
[www.silvergames.com/bowmaster-prelude.html]
[i2.silvergames.com/p/a/bowmaster-prelude.png]
[www.silvergames.com/champion-archer.html]
[i1.silvergames.com/p/a/champion-archer.png]
[i1.silvergames.com/p/a/bowmaster-winter-storm.png]
[www.silvergames.com/bowmaster-winter-storm.html]
[www.silvergames.com/rage-zombie-shooter.html]
[i3.silvergames.com/p/a/rage-zombie-shooter.png]
[i2.silvergames.com/p/a/bobby-da-arrow.png]
[www.silvergames.com/bobby-da-arrow.html]
[www.silvergames.com/t/apple.html]
[www.silvergames.com/t/bow.html]
[www.silvergames.com/t/shooter]
[www.silvergames.com/t/archery.html]
[www.silvergames.com/shoot-the-apple/r.html]
[www.silvergames.com/shoot-the-apple.html]
[i1.silvergames.com/p/b/freefall-tournament.png]
[www.silvergames.com/freefall-tournament/walkthrough.html]
[www.silvergames.com/space-siege-warrior.html]
[i1.silvergames.com/p/a/space-siege-warrior.png]
[i2.silvergames.com/p/a/american-soldier.png]
[www.silvergames.com/american-soldier.html]
[www.silvergames.com/warland-2.html]
[i3.silvergames.com/p/a/warland-2.png]
[i1.silvergames.com/p/a/cs-portable.png]
[www.silvergames.com/cs-portable.html]
[www.silvergames.com/t/space.html]
[www.silvergames.com/freefall-tournament.html]
[i2.silvergames.com/p/b/pixel-warfare-v2.png]
[www.silvergames.com/freefall-tournament/r.html]
[www.silvergames.com/pixel-warfare-v2/walkthrough.html]
[www.silvergames.com/super-mechs.html]
[i3.silvergames.com/p/a/super-mechs.png]
[i1.silvergames.com/p/a/pixel-warfare-5.png]
[www.silvergames.com/pixel-warfare-5.html]
[i3.silvergames.com/p/a/warmerise.png]
[www.silvergames.com/warmerise.html]
[www.silvergames.com/pixel-warfare-v2.html]
[i3.silvergames.com/p/b/army-force-firestorm.png]
[www.silvergames.com/pixel-warfare-v2/r.html]
[www.silvergames.com/army-force-firestorm/walkthrough.html]
[www.silvergames.com/battle-area.html]
[i1.silvergames.com/p/a/battle-area.png]
[www.silvergames.com/palisade-guardian-2.html]
[i1.silvergames.com/p/a/palisade-guardian-2.png]
[www.silvergames.com/ultimate-swat.html]
[i3.silvergames.com/p/a/ultimate-swat.png]
[www.silvergames.com/tactical-force-1.html]
[i1.silvergames.com/p/a/tactical-force-1.png]
[www.silvergames.com/t/soldier.html]
[www.silvergames.com/army-force-firestorm.html]
[www.silvergames.com/army-force-firestorm/r.html]
[i3.silvergames.com/p/b/begone.png]
[www.silvergames.com/begone/walkthrough.html]
[www.silvergames.com/my-little-farmies.html]
[i1.silvergames.com/p/a/my-little-farmies.png]
[www.silvergames.com/sniper-team.html]
[i3.silvergames.com/p/a/sniper-team.png]
[www.silvergames.com/t/police.html]
[www.silvergames.com/begone/r.html]
[www.silvergames.com/begone.html]
[i3.silvergames.com/p/b/pixel-warfare-v3.png]
[www.silvergames.com/pixel-warfare-v3/walkthrough.html]
[i1.silvergames.com/p/a/tdp5-arena.png]
[www.silvergames.com/tdp5-arena.html]
[www.silvergames.com/pixel-warfare-v3/r.html]
[www.silvergames.com/pixel-warfare-v3.html]
[i2.silvergames.com/p/b/pixel-warfare.png]
[www.silvergames.com/pixel-warfare/walkthrough.html]
[www.silvergames.com/t/pixel.html]
[www.silvergames.com/pixel-warfare/r.html]
[www.silvergames.com/pixel-warfare.html]
[i2.silvergames.com/p/b/army-force-online.png]
[www.silvergames.com/army-force-online/walkthrough.html]
[www.silvergames.com/stormfall-age-of-war.html]
[i3.silvergames.com/p/a/stormfall-age-of-war.png]
[www.silvergames.com/army-force-online/r.html]
[www.silvergames.com/army-force-online.html]
[i3.silvergames.com/p/b/rapid-gun-3.png]
[www.silvergames.com/rapid-gun-3/walkthrough.html]
[www.silvergames.com/13-days-in-hell.html]
[i2.silvergames.com/p/a/13-days-in-hell.png]
[www.silvergames.com/13-more-days-in-hell.html]
[i2.silvergames.com/p/a/13-more-days-in-hell.png]
[www.silvergames.com/rapid-gun-3.html]
[i3.silvergames.com/p/b/counter-shooter-2.png]
[www.silvergames.com/rapid-gun-3/r.html]
[i3.silvergames.com/js/fullscreen_ratio.js]
[www.silvergames.com/counter-shooter-2/walkthrough.html]
[www.silvergames.com/my-free-farm.html]
[i2.silvergames.com/p/a/my-free-farm.png]
[www.silvergames.com/counter-flash.html]
[i2.silvergames.com/p/a/counter-flash.png]
[www.silvergames.com/counter-snipe.html]
[i3.silvergames.com/p/a/counter-snipe.png]
[www.silvergames.com/t/mp5.html]
[www.silvergames.com/t/rifle.html]
[www.silvergames.com/counter-shooter-2/r.html]
[www.silvergames.com/counter-shooter-2.html]
[i1.silvergames.com/p/b/red-crucible-2.png]
[www.silvergames.com/red-crucible-2/walkthrough.html]
[www.silvergames.com/farm-days.html]
[i1.silvergames.com/p/a/farm-days.png]
[www.silvergames.com/t/rocket.html]
[www.silvergames.com/red-crucible-2.html]
[i1.silvergames.com/p/b/combat-4.png]
[www.silvergames.com/t/shooter]
[www.silvergames.com/red-crucible-2/r.html]
[www.silvergames.com/combat-4.html]
[www.silvergames.com/combat-4/r.html]
[i3.silvergames.com/p/a/monster-arena.png]
[www.silvergames.com/monster-arena.html]
[i1.silvergames.com/p/a/braveheart.png]
[www.silvergames.com/braveheart.html]
[www.silvergames.com/space-flash-arena-2.html]
[i2.silvergames.com/p/a/space-flash-arena-2.png]
[www.silvergames.com/age-of-war.html]
[i1.silvergames.com/p/a/age-of-war.png]
[www.silvergames.com/combat-tournament.html]
[i2.silvergames.com/p/a/combat-tournament.png]
[www.silvergames.com/rock-and-war.html]
[i2.silvergames.com/p/a/rock-and-war.png]
[www.silvergames.com/strike-force-commando.html]
[i2.silvergames.com/p/a/strike-force-commando.png]
[www.silvergames.com/alien-attack-team.html]
[i2.silvergames.com/p/a/alien-attack-team.png]
[www.silvergames.com/mad-combat-marines.html]
[i3.silvergames.com/p/a/mad-combat-marines.png]
[www.silvergames.com/helic.html]
[i3.silvergames.com/p/a/helic.png]
[www.silvergames.com/xenosquad.html]
[i3.silvergames.com/p/a/xenosquad.png]
[www.silvergames.com/fuzzy-things-fvf.html]
[i2.silvergames.com/p/a/fuzzy-things-fvf.png]
[www.silvergames.com/intruder-combat-training.html]
[i2.silvergames.com/p/a/intruder-combat-training.png]
[www.silvergames.com/alien-attack-team-2.html]
[i3.silvergames.com/p/a/alien-attack-team-2.png]
[www.silvergames.com/combatants.html]
[i3.silvergames.com/p/a/combatants.png]
[www.silvergames.com/combat-hero-adventures.html]
[i1.silvergames.com/p/a/combat-hero-adventures.png]
[www.silvergames.com/yao-ming-adventure.html]
[i2.silvergames.com/p/a/yao-ming-adventure.png]
[i2.silvergames.com/p/a/intruder-combat-training-2.png]
[www.silvergames.com/intruder-combat-training-2.html]
[www.silvergames.com/epic-war-4.html]
[i2.silvergames.com/p/a/epic-war-4.png]
[i2.silvergames.com/p/a/combat-cat.png]
[www.silvergames.com/combat-cat.html]
[www.silvergames.com/thelemite.html]
[i3.silvergames.com/p/a/thelemite.png]
[www.silvergames.com/t/combat/1.html]
[www.silvergames.com/t/weapon.html]
[www.silvergames.com/t/battle.html]
[www.silvergames.com/t/fight.html]
[www.silvergames.com/t/arena.html]
[www.silvergames.com/t/shoot]
[www.silvergames.com/t/kill.html]
[www.silvergames.com/t/shooter]
[www.silvergames.com/t/army.html]
[www.silvergames.com/t/combat.html]
[www.silvergames.com/raze-2.html]
[i2.silvergames.com/p/a/raze-2.png]
[i3.silvergames.com/p/a/fishao.png]
[www.silvergames.com/fishao.html]
[www.silvergames.com/governor-of-poker.html]
[i2.silvergames.com/p/a/governor-of-poker.png]
[www.silvergames.com/raze.html]
[i3.silvergames.com/p/a/raze.png]
[i1.silvergames.com/p/a/goodgame-cafe.png]
[www.silvergames.com/goodgame-cafe.html]
[www.silvergames.com/galaxy-life.html]
[i2.silvergames.com/p/a/galaxy-life.png]
[i3.silvergames.com/p/a/governor-of-poker-2.png]
[www.silvergames.com/governor-of-poker-2.html]
[www.silvergames.com/royal-story.html]
[i2.silvergames.com/p/a/royal-story.png]
[www.silvergames.com/1066.html]
[i2.silvergames.com/p/a/1066.png]
[i3.silvergames.com/p/a/deadly-neighbours.png]
[www.silvergames.com/deadly-neighbours.html]
[i3.silvergames.com/p/a/agario.png]
[www.silvergames.com/agario.html]
[i1.silvergames.com/p/a/bomb-it-4.png]
[www.silvergames.com/bomb-it-4.html]
[i1.silvergames.com/p/a/kawai-run-2.png]
[www.silvergames.com/kawai-run-2.html]
[i3.silvergames.com/p/a/goodgame-galaxy.png]
[www.silvergames.com/goodgame-galaxy.html]
[www.silvergames.com/frosty-s-adventure.html]
[i1.silvergames.com/p/a/frosty-s-adventure.png]
[i1.silvergames.com/p/a/heroes-of-the-sword.png]
[www.silvergames.com/heroes-of-the-sword.html]
[www.silvergames.com/crazy-zombie-2.html]
[i3.silvergames.com/p/a/crazy-zombie-2.png]
[i3.silvergames.com/p/a/transformice.png]
[www.silvergames.com/transformice.html]
[www.silvergames.com/hrmageddon.html]
[i2.silvergames.com/p/a/hrmageddon.png]
[www.silvergames.com/achievement-unlocked-2.html]
[i3.silvergames.com/p/a/achievement-unlocked-2.png]
[www.silvergames.com/goodgame-poker.html]
[i1.silvergames.com/p/a/goodgame-poker.png]
[www.silvergames.com/t/multiplayer/1.html]
[www.silvergames.com/t/multiplayer/2.html]
[www.silvergames.com/t/multiplayer/3.html]
[www.silvergames.com/t/multiplayer/4.html]
[www.silvergames.com/t/multiplayer/5.html]
[www.silvergames.com/t/multiplayer-shooting.html]
[www.silvergames.com/t/shoot.2b8.delayed]
[www.silvergames.com/t/3d.html]
[www.silvergames.com/t/shooter]
[www.silvergames.com/t/multiplayer.html]
[www.silvergames.com/t/2-player.html]
[www.silvergames.com/strike-force-heroes-2.html]
[i3.silvergames.com/p/a/strike-force-heroes-2.png]
[www.silvergames.com/strike-force-heroes.html]
[i3.silvergames.com/p/a/strike-force-heroes.png]
[i3.silvergames.com/p/a/command-and-control.png]
[www.silvergames.com/command-and-control.html]
[i1.silvergames.com/p/a/strike-force-heroes-3.png]
[www.silvergames.com/strike-force-heroes-3.html]
[www.silvergames.com/speedboat-shooting.html]
[i3.silvergames.com/p/a/speedboat-shooting.png]
[www.silvergames.com/legion-of-red-wolves.html]
[i1.silvergames.com/p/a/legion-of-red-wolves.png]
[www.silvergames.com/ultimate-force-2.html]
[i3.silvergames.com/p/a/ultimate-force-2.png]
[i1.silvergames.com/p/a/counter-terror.png]
[www.silvergames.com/counter-terror.html]
[www.silvergames.com/ultimate-force-3.html]
[i2.silvergames.com/p/a/ultimate-force-3.png]
[www.silvergames.com/biochemical-cs.html]
[i2.silvergames.com/p/a/biochemical-cs.png]
[www.silvergames.com/counter-strike-revenge.html]
[i1.silvergames.com/p/a/counter-strike-revenge.png]
[www.silvergames.com/counter-strike-de-hiekka.html]
[i1.silvergames.com/p/a/counter-strike-de-hiekka.png]
[i2.silvergames.com/p/a/field-forces.png]
[www.silvergames.com/field-forces.html]
[www.silvergames.com/t/counter-strike/1.html]
[www.silvergames.com/t/shooter]
[www.silvergames.com/t/fps.html]
[www.silvergames.com/t/shooting]
[www.silvergames.com/t/terrorist.html]
[www.silvergames.com/t/counter-strike.html]
[www.silvergames.com/street-luge.html]
[i3.silvergames.com/p/a/street-luge.png]
[i2.silvergames.com/p/a/downtown-drift.png]
[www.silvergames.com/downtown-drift.html]
[www.silvergames.com/worldcraft.html]
[i3.silvergames.com/p/a/worldcraft.png]
[i1.silvergames.com/p/a/slope.png]
[www.silvergames.com/slope.html]
[www.silvergames.com/motocross-nitro.html]
[i1.silvergames.com/p/a/motocross-nitro.png]
[i2.silvergames.com/p/a/traffic-slam-3.png]
[www.silvergames.com/traffic-slam-3.html]
[www.silvergames.com/angry-gran-run.html]
[i3.silvergames.com/p/a/angry-gran-run.png]
[i1.silvergames.com/p/a/age-of-wind-2.png]
[www.silvergames.com/age-of-wind-2.html]
[www.silvergames.com/lose-the-heat-3.html]
[i3.silvergames.com/p/a/lose-the-heat-3.png]
[www.silvergames.com/mine-clone.html]
[i2.silvergames.com/p/a/mine-clone.png]
[www.silvergames.com/tea-party-simulator-2014.html]
[i2.silvergames.com/p/a/tea-party-simulator-2014.png]
[www.silvergames.com/t/unity.html]
[www.silvergames.com/combat-3/r.html]
[www.silvergames.com/t/minecraft.html]
[www.silvergames.com/site/1.html]
[www.silvergames.com/site/2.html]
[www.silvergames.com/site/3.html]
[www.silvergames.com/div/ca.html]
[i.silvergames.com/death-row-diner.html]
[i.silvergames.com/city-builder-3d.html]
[i.silvergames.com/toss-a-paper-multiplayer.html]
[i.silvergames.com/sportscar-gand-prix.html]
[i.silvergames.com/on-fire.html]
[i.silvergames.com/dunkers.html]
[i.silvergames.com/endless-truck.html]
[i.silvergames.com/silly-ways-to-die-3.html]
[i.silvergames.com/curvefeverio.html]
[i.silvergames.com/trollface-quest-video-games.html]
[www.silvergames.com/div/voteec92.html]
[www.silvergames.com/action.html]
[www.silvergames.com/racing.html]
[www.silvergames.com/shooting.html]
[www.silvergames.com/sports.html]
[www.silvergames.com/strategy.html]
[www.silvergames.com/puzzle.html]
[www.silvergames.com/arcade.html]
[www.silvergames.com/mmo.html]
[www.silvergames.com/whack-your-boss-2.html]
[www.silvergames.com/parking-fury.html]
[www.silvergames.com/mutilate-a-doll-2.html]
[www.silvergames.com/boxing-live-2.html]
[www.silvergames.com/moto-x3m.html]
[www.silvergames.com/life.html]
[www.silvergames.com/death-row-diner.html]
[www.silvergames.com/city-builder-3d.html]
[www.silvergames.com/toss-a-paper-multiplayer.html]
[www.silvergames.com/sportscar-gand-prix.html]
[www.silvergames.com/on-fire.html]
[www.silvergames.com/dunkers.html]
[www.silvergames.com/endless-truck.html]
[www.silvergames.com/silly-ways-to-die-3.html]
[www.silvergames.com/curvefeverio.html]
[www.silvergames.com/candy-rain-4.html]
[www.silvergames.com/moto-x3m-3.html]
[www.silvergames.com/super-trucks-3d.html]
[www.silvergames.com/soccer-doctor-3.html]
[www.silvergames.com/babe-clicker.html]
[www.silvergames.com/driving-force-3.html]
[www.silvergames.com/resident-evil-ebola.html]
[www.silvergames.com/concussion.html]
[www.silvergames.com/madalin-stunt-cars-2.html]
[www.silvergames.com/knights-and-brides.html]
[www.silvergames.com/dreamfields.html]
[www.silvergames.com/legends-of-honor.html]
[www.silvergames.com/charm-farm.html]
[www.silvergames.com/sky-dale.html]
[www.silvergames.com/street-fighter-2-ce.html]
[www.silvergames.com/you-have-no-legs.html]
[www.silvergames.com/wonderputt.html]
[www.silvergames.com/digger-vs-meat-ball.html]
[www.silvergames.com/super-hot.html]
[www.silvergames.com/askl.html]
[www.silvergames.com/handless-millionaire.html]
[www.silvergames.com/ragdoll-olympics.html]
[www.silvergames.com/nose-picking-simulator.html]
[www.silvergames.com/splixio.html]
[www.silvergames.com/slitherio.html]
[www.silvergames.com/whack-your-boss.html]
[www.silvergames.com/tasty-planet.html]
[www.silvergames.com/g-switch-2.html]
[www.silvergames.com/whack-your-ex.html]
[www.silvergames.com/whack-your-boss-superhero.html]
[www.silvergames.com/apple-shooter.html]
[www.silvergames.com/gunblood.html]
[www.silvergames.com/dogfight-2.html]
[www.silvergames.com/shoot-em.html]
[www.silvergames.com/madness-project-nexus.html]
[www.silvergames.com/plazma-burst-2.html]
[www.silvergames.com/happy-wheels.html]
[www.silvergames.com/tu-46.html]
[www.silvergames.com/busman-parking-3d.html]
[www.silvergames.com/russian-car-driver.html]
[www.silvergames.com/stunt-master.html]
[www.silvergames.com/trollface-quest.html]
[www.silvergames.com/trollface-quest-3.html]
[www.silvergames.com/fleeing-the-complex.html]
[www.silvergames.com/escaping-the-prison.html]
[www.silvergames.com/bubble-shooter.html]
[www.silvergames.com/infiltrating-the-airship.html]
[www.silvergames.com/flip-diving.html]
[www.silvergames.com/100-meter-sprint.html]
[www.silvergames.com/england-premier-league.html]
[www.silvergames.com/football-legends-2016.html]
[www.silvergames.com/drunken-boxers.html]
[i3.silvergames.com/js/jquery.cycle.all.js]
[www.silvergames.com/trollface-quest-video-games.html]
[www.silvergames.com/chaos-eclipse.html]
[www.silvergames.com/opkaio.html]
[www.silvergames.com/cat-in-japan.html]
[www.silvergames.com/monocycle.html]
[www.silvergames.com/the-insurmountable-quiz.html]
[www.silvergames.com/terrio.html]
[www.silvergames.com/britney-torture-chamber.html]
[www.silvergames.com/stupidity-test.html]
[www.silvergames.com/new/1.html]
[www.silvergames.com/new/2.html]
[www.silvergames.com/new/3.html]
[www.silvergames.com/new/4.html]
[www.silvergames.com/new/5.html]
[www.silvergames.com/new/6.html]
[www.silvergames.com/new/7.html]
[www.silvergames.com/new/8.html]
[www.silvergames.com/new/9.html]
[www.silvergames.com/new/10.html]
[www.silvergames.com/new/224.html]
[www.silvergames.com/taxi-drift.html]
[www.silvergames.com/battle-for-the-galaxy.html]
[www.silvergames.com/daddy-long-legs.html]
[www.silvergames.com/shop-empire-galaxy.html]
[www.silvergames.com/westerado.html]
[www.silvergames.com/hill-racing-2.html]
[www.silvergames.com/narwhaleio.html]
[www.silvergames.com/call-of-war.html]
[www.silvergames.com/rival-rush.html]
[www.silvergames.com/dead-ahead.html]
[www.silvergames.com/save-the-bunny.html]
[www.silvergames.com/football-headz-cup-2.html]
[www.silvergames.com/hot/1.html]
[www.silvergames.com/hot/2.html]
[www.silvergames.com/hot/3.html]
[www.silvergames.com/hot/4.html]
[www.silvergames.com/hot/5.html]
[www.silvergames.com/hot/6.html]
[www.silvergames.com/hot/7.html]
[www.silvergames.com/hot/8.html]
[www.silvergames.com/hot/9.html]
[www.silvergames.com/hot/10.html]
[www.silvergames.com/hot/143.html]
[www.silvergames.com/papas-freezeria.html]
[www.silvergames.com/golden-duel.html]
[www.silvergames.com/papa-s-cupcakeria.html]
[www.silvergames.com/papas-burgeria.html]
[www.silvergames.com/motocross-challenge.html]
[www.silvergames.com/penguin-diner-2.html]
[www.silvergames.com/freeway-fury-2.html]
[www.silvergames.com/resort-empire.html]
[www.silvergames.com/whack-the-terrorist.html]
[www.silvergames.com/bed-and-breakfast-3.html]
[www.silvergames.com/arcuz-2.html]
[www.silvergames.com/frenzy-babysitter.html]
[www.silvergames.com/xenos.html]
[www.silvergames.com/rail-rush.html]
[www.silvergames.com/uphill-rush-6.html]
[www.silvergames.com/sushi-cat-2.html]
[www.silvergames.com/uphill-rush-5.html]
[www.silvergames.com/pokemon-tower-defense.html]
[www.silvergames.com/best/1.html]
[www.silvergames.com/best/2.html]
[www.silvergames.com/best/3.html]
[www.silvergames.com/best/4.html]
[www.silvergames.com/best/5.html]
[www.silvergames.com/best/6.html]
[www.silvergames.com/best/7.html]
[www.silvergames.com/best/8.html]
[www.silvergames.com/best/9.html]
[www.silvergames.com/best/10.html]
[www.silvergames.com/best/229.html]
[www.silvergames.com/mine-blocks.html]
[www.silvergames.com/trollface-quest-2.html]
[www.silvergames.com/trollface-quest-trolltube.html]
[www.silvergames.com/trollface-quest-5.html]
[www.silvergames.com/trollface-quest-13.html]
[www.silvergames.com/trollface-quest-6.html]
[www.silvergames.com/the-torture-game-2.html]
[www.silvergames.com/grindcraft.html]
[www.silvergames.com/whack-the-burglars.html]
[www.silvergames.com/most-played/1.html]
[www.silvergames.com/most-played/2.html]
[www.silvergames.com/most-played/3.html]
[www.silvergames.com/most-played/4.html]
[www.silvergames.com/most-played/5.html]
[www.silvergames.com/most-played/6.html]
[www.silvergames.com/most-played/7.html]
[www.silvergames.com/most-played/8.html]
[www.silvergames.com/most-played/9.html]
[www.silvergames.com/most-played/10.html]
[www.silvergames.com/most-played/228.html]
[i2.silvergames.com/js/swfobject.js]
[www.silvergames.com/guns-of-apocalypse/walkthrough.html]
[www.silvergames.com/klondike-mmo.html]
[www.silvergames.com/dead-paradise-2.html]
[www.silvergames.com/freeway-fury.html]
[www.silvergames.com/dead-paradise.html]
[www.silvergames.com/incoming-again.html]
[www.silvergames.com/commando-rush.html]
[www.silvergames.com/endless-war-5.html]
[www.silvergames.com/moon-police.html]
[www.silvergames.com/storm-ops.html]
[www.silvergames.com/battlefield.html]
[www.silvergames.com/undead-highway.html]
[www.silvergames.com/death-racers.html]
[www.silvergames.com/t/war.html]
[www.silvergames.com/t/truck.html]
[www.silvergames.com/t/gun.html]
[www.silvergames.com/t/car.html]
[www.silvergames.com/guns-of-apocalypse/r.html]
[i3.silvergames.com/js/fullscreen_full.js]
[www.silvergames.com/goodgame-empire/walkthrough.html]
[www.silvergames.com/soldiers-inc.html]
[www.silvergames.com/barbarians.html]
[www.silvergames.com/ultimate-war.html]
[www.silvergames.com/goodgame-mafia.html]
[www.silvergames.com/goodgame-gangster.html]
[www.silvergames.com/highgrounds.html]
[www.silvergames.com/battle-dawn.html]
[www.silvergames.com/tactics-100-live.html]
[www.silvergames.com/sonny.html]
[www.silvergames.com/civilizations-wars-2-prime.html]
[www.silvergames.com/nob-war.html]
[www.silvergames.com/t/upgrade.html]
[www.silvergames.com/t/goodgame.html]
[www.silvergames.com/t/medieval.html]
[www.silvergames.com/goodgame-empire/r.html]
[www.silvergames.com/sparta-war-of-empires/walkthrough.html]
[www.silvergames.com/dragons-of-atlantis.html]
[www.silvergames.com/age-of-war-2.html]
[www.silvergames.com/stick-war.html]
[www.silvergames.com/humaliens-battle.html]
[www.silvergames.com/stick-war-2-order-empire.html]
[www.silvergames.com/epic-war-5.html]
[www.silvergames.com/darkbase-rts.html]
[www.silvergames.com/civilizations-wars.html]
[www.silvergames.com/t/empire.html]
[www.silvergames.com/t/sparta.html]
[www.silvergames.com/sparta-war-of-empires/r.html]
[www.silvergames.com/big-farm/walkthrough.html]
[www.silvergames.com/family-barn.html]
[www.silvergames.com/dream-farm.html]
[www.silvergames.com/klondike-expedition.html]
[www.silvergames.com/the-farm.html]
[www.silvergames.com/fionas-farm-center.html]
[www.silvergames.com/youda-farmer-2.html]
[www.silvergames.com/farm-mania-2.html]
[www.silvergames.com/youda-farmer.html]
[www.silvergames.com/youda-farmer-3.html]
[www.silvergames.com/the-farmer.html]
[www.silvergames.com/t/farm.html]
[www.silvergames.com/t/business.html]
[www.silvergames.com/t/tycoon.html]
[www.silvergames.com/t/pet.html]
[www.silvergames.com/big-farm/r.html]
[www.silvergames.com/shoot-the-apple/walkthrough.html]
[www.silvergames.com/zombies-ate-my-motherland.html]
[www.silvergames.com/boxhead.html]
[www.silvergames.com/boxhead-2.html]
[www.silvergames.com/tek-tactical.html]
[www.silvergames.com/apple-shooter-champ.html]
[www.silvergames.com/archers-oath.html]
[www.silvergames.com/bowmaster-prelude.html]
[www.silvergames.com/champion-archer.html]
[www.silvergames.com/bowmaster-winter-storm.html]
[www.silvergames.com/rage-zombie-shooter.html]
[www.silvergames.com/bobby-da-arrow.html]
[www.silvergames.com/t/apple.html]
[www.silvergames.com/t/bow.html]
[www.silvergames.com/t/archery.html]
[www.silvergames.com/shoot-the-apple/r.html]
[www.silvergames.com/freefall-tournament/walkthrough.html]
[www.silvergames.com/space-siege-warrior.html]
[www.silvergames.com/american-soldier.html]
[www.silvergames.com/warland-2.html]
[www.silvergames.com/cs-portable.html]
[www.silvergames.com/t/space.html]
[www.silvergames.com/freefall-tournament/r.html]
[www.silvergames.com/pixel-warfare-v2/walkthrough.html]
[www.silvergames.com/super-mechs.html]
[www.silvergames.com/pixel-warfare-5.html]
[www.silvergames.com/warmerise.html]
[www.silvergames.com/pixel-warfare-v2/r.html]
[www.silvergames.com/army-force-firestorm/walkthrough.html]
[www.silvergames.com/battle-area.html]
[www.silvergames.com/palisade-guardian-2.html]
[www.silvergames.com/ultimate-swat.html]
[www.silvergames.com/tactical-force-1.html]
[www.silvergames.com/t/soldier.html]
[www.silvergames.com/army-force-firestorm/r.html]
[www.silvergames.com/begone/walkthrough.html]
[www.silvergames.com/my-little-farmies.html]
[www.silvergames.com/div/ca_300.html]
[www.silvergames.com/sniper-team.html]
[www.silvergames.com/t/police.html]
[www.silvergames.com/begone/r.html]
[www.silvergames.com/pixel-warfare-v3/walkthrough.html]
[www.silvergames.com/tdp5-arena.html]
[www.silvergames.com/pixel-warfare-v3/r.html]
[www.silvergames.com/pixel-warfare/walkthrough.html]
[www.silvergames.com/t/pixel.html]
[www.silvergames.com/pixel-warfare/r.html]
[www.silvergames.com/army-force-online/walkthrough.html]
[www.silvergames.com/stormfall-age-of-war.html]
[www.silvergames.com/army-force-online/r.html]
[www.silvergames.com/rapid-gun-3/walkthrough.html]
[www.silvergames.com/13-days-in-hell.html]
[www.silvergames.com/13-more-days-in-hell.html]
[www.silvergames.com/rapid-gun-3/r.html]
[i3.silvergames.com/js/fullscreen_ratio.js]
[www.silvergames.com/counter-shooter-2/walkthrough.html]
[www.silvergames.com/my-free-farm.html]
[www.silvergames.com/counter-flash.html]
[www.silvergames.com/counter-snipe.html]
[www.silvergames.com/t/mp5.html]
[www.silvergames.com/t/rifle.html]
[www.silvergames.com/counter-shooter-2/r.html]
[www.silvergames.com/red-crucible-2/walkthrough.html]
[www.silvergames.com/farm-days.html]
[www.silvergames.com/t/rocket.html]
[www.silvergames.com/red-crucible-2/r.html]
[www.silvergames.com/combat-4/r.html]
[www.silvergames.com/monster-arena.html]
[www.silvergames.com/braveheart.html]
[www.silvergames.com/space-flash-arena-2.html]
[www.silvergames.com/age-of-war.html]
[www.silvergames.com/combat-tournament.html]
[www.silvergames.com/rock-and-war.html]
[www.silvergames.com/strike-force-commando.html]
[www.silvergames.com/alien-attack-team.html]
[www.silvergames.com/mad-combat-marines.html]
[www.silvergames.com/helic.html]
[www.silvergames.com/xenosquad.html]
[www.silvergames.com/fuzzy-things-fvf.html]
[www.silvergames.com/intruder-combat-training.html]
[www.silvergames.com/alien-attack-team-2.html]
[www.silvergames.com/combatants.html]
[www.silvergames.com/combat-hero-adventures.html]
[www.silvergames.com/yao-ming-adventure.html]
[www.silvergames.com/intruder-combat-training-2.html]
[www.silvergames.com/epic-war-4.html]
[www.silvergames.com/combat-cat.html]
[www.silvergames.com/thelemite.html]
[www.silvergames.com/t/combat/1.html]
[www.silvergames.com/t/weapon.html]
[www.silvergames.com/t/battle.html]
[www.silvergames.com/t/fight.html]
[www.silvergames.com/t/arena.html]
[www.silvergames.com/t/kill.html]
[www.silvergames.com/t/army.html]
[www.silvergames.com/raze-2.html]
[www.silvergames.com/fishao.html]
[www.silvergames.com/governor-of-poker.html]
[www.silvergames.com/raze.html]
[www.silvergames.com/goodgame-cafe.html]
[www.silvergames.com/galaxy-life.html]
[www.silvergames.com/governor-of-poker-2.html]
[www.silvergames.com/royal-story.html]
[www.silvergames.com/1066.html]
[www.silvergames.com/deadly-neighbours.html]
[www.silvergames.com/agario.html]
[www.silvergames.com/bomb-it-4.html]
[www.silvergames.com/kawai-run-2.html]
[www.silvergames.com/goodgame-galaxy.html]
[www.silvergames.com/frosty-s-adventure.html]
[www.silvergames.com/heroes-of-the-sword.html]
[www.silvergames.com/crazy-zombie-2.html]
[www.silvergames.com/transformice.html]
[www.silvergames.com/hrmageddon.html]
[www.silvergames.com/achievement-unlocked-2.html]
[www.silvergames.com/goodgame-poker.html]
[www.silvergames.com/t/multiplayer/1.html]
[www.silvergames.com/t/multiplayer/2.html]
[www.silvergames.com/t/multiplayer/3.html]
[www.silvergames.com/t/multiplayer/4.html]
[www.silvergames.com/t/multiplayer/5.html]
[www.silvergames.com/t/multiplayer-shooting.html]
[www.silvergames.com/t/3d.html]
[www.silvergames.com/t/2-player.html]
[www.silvergames.com/strike-force-heroes-2.html]
[www.silvergames.com/strike-force-heroes.html]
[www.silvergames.com/command-and-control.html]
[www.silvergames.com/strike-force-heroes-3.html]
[www.silvergames.com/speedboat-shooting.html]
[www.silvergames.com/legion-of-red-wolves.html]
[www.silvergames.com/ultimate-force-2.html]
[www.silvergames.com/counter-terror.html]
[www.silvergames.com/ultimate-force-3.html]
[www.silvergames.com/biochemical-cs.html]
[www.silvergames.com/counter-strike-revenge.html]
[www.silvergames.com/counter-strike-de-hiekka.html]
[www.silvergames.com/field-forces.html]
[www.silvergames.com/t/counter-strike/1.html]
[www.silvergames.com/t/fps.html]
[www.silvergames.com/t/terrorist.html]
[www.silvergames.com/street-luge.html]
[www.silvergames.com/downtown-drift.html]
[www.silvergames.com/worldcraft.html]
[www.silvergames.com/slope.html]
[www.silvergames.com/motocross-nitro.html]
[www.silvergames.com/traffic-slam-3.html]
[www.silvergames.com/angry-gran-run.html]
[www.silvergames.com/age-of-wind-2.html]
[www.silvergames.com/lose-the-heat-3.html]
[www.silvergames.com/mine-clone.html]
[www.silvergames.com/tea-party-simulator-2014.html]
[www.silvergames.com/coffee-simulator-2015.html]
